2026-09-22 12:12:11,547 [INFO] Run started by user: zyad
2026-09-22 12:12:11,548 [INFO] Run started. Input file: C:\Users\zyad\Desktop\Data analysis\data\processed\ATT_demo_dataset_converted.xlsx
2026-09-22 12:12:12,465 [INFO] Loaded and validated: Enrollment=590 rows, AttendanceSessions=320 rows, AttendanceEvents=11800 rows
2026-09-22 12:12:13,061 [INFO] Baseline (rule-based) sanity check vs. next-week-low label:
2026-09-22 12:12:13,061 [INFO]   rows evaluated: 4720
2026-09-22 12:12:13,062 [INFO]   TP=268  FP=1058  FN=160  TN=3234
2026-09-22 12:12:13,062 [INFO]   precision=0.202  recall=0.626
2026-09-22 12:12:13,063 [INFO]   flagged rate overall: 0.292
2026-09-22 12:12:14,114 [INFO] Saved: outputs\weekly_features_and_flags.xlsx (5310 rows, student_id pseudonymized)
2026-09-22 12:12:14,114 [INFO] Run by: zyad | finished at: 2026-09-22T12:12:14
2026-09-23 10:14:55,853 [INFO] Run started by user: zyad
2026-09-23 10:14:55,853 [INFO] Run started. Input file: C:\Users\zyad\Desktop\Data analysis\data\processed\ATT_demo_dataset_converted.xlsx
2026-09-23 10:14:56,439 [INFO] Loaded and validated: Enrollment=590 rows, AttendanceSessions=320 rows, AttendanceEvents=11800 rows
2026-09-23 10:14:56,879 [INFO] Baseline (rule-based) sanity check vs. next-week-low label:
2026-09-23 10:14:56,879 [INFO]   rows evaluated: 4720
2026-09-23 10:14:56,879 [INFO]   TP=268  FP=1058  FN=160  TN=3234
2026-09-23 10:14:56,879 [INFO]   precision=0.202  recall=0.626
2026-09-23 10:14:56,879 [INFO]   flagged rate overall: 0.292
2026-09-23 10:14:57,533 [INFO] Saved: outputs\weekly_features_and_flags.xlsx (5310 rows, student_id pseudonymized)
2026-09-23 10:14:57,533 [INFO] Run by: zyad | finished at: 2026-09-23T10:14:57
2026-09-23 10:15:01,218 [INFO] Run started by user: zyad
2026-09-23 10:15:01,218 [INFO] Run started. Input file: C:\Users\zyad\Desktop\Data analysis\data\processed\ATT_demo_dataset_converted.xlsx
2026-09-23 10:15:01,798 [INFO] Loaded and validated: Enrollment=590 rows, AttendanceSessions=320 rows, AttendanceEvents=11800 rows
2026-09-23 10:15:02,196 [INFO] Baseline (rule-based) sanity check vs. next-week-low label:
2026-09-23 10:15:02,196 [INFO]   rows evaluated: 4720
2026-09-23 10:15:02,196 [INFO]   TP=268  FP=1058  FN=160  TN=3234
2026-09-23 10:15:02,196 [INFO]   precision=0.202  recall=0.626
2026-09-23 10:15:02,196 [INFO]   flagged rate overall: 0.292
2026-09-23 10:15:02,873 [INFO] Saved: outputs\weekly_features_and_flags.xlsx (5310 rows, student_id pseudonymized)
2026-09-23 10:15:02,873 [INFO] Run by: zyad | finished at: 2026-09-23T10:15:02
2026-09-23 10:27:07,298 [INFO] Run started by user: zyad
2026-09-23 10:27:07,298 [INFO] Run started. Input file: C:\Users\zyad\Desktop\Data analysis\data\processed\ATT_demo_dataset_converted.xlsx
2026-09-23 10:27:07,908 [INFO] Loaded and validated: Enrollment=590 rows, AttendanceSessions=320 rows, AttendanceEvents=11800 rows
2026-09-23 10:27:08,324 [INFO] Baseline (rule-based) sanity check vs. next-week-low label:
2026-09-23 10:27:08,324 [INFO]   rows evaluated: 4720
2026-09-23 10:27:08,324 [INFO]   TP=268  FP=1058  FN=160  TN=3234
2026-09-23 10:27:08,324 [INFO]   precision=0.202  recall=0.626
2026-09-23 10:27:08,325 [INFO]   flagged rate overall: 0.292
2026-09-23 10:27:08,983 [INFO] Saved: outputs\weekly_features_and_flags.xlsx (5310 rows, student_id pseudonymized)
2026-09-23 10:27:08,983 [INFO] Run by: zyad | finished at: 2026-09-23T10:27:08
2026-09-23 10:27:16,628 [INFO] Run started by user: zyad
2026-09-23 10:27:16,628 [INFO] Run started. Input file: C:\Users\zyad\Desktop\Data analysis\data\processed\ATT_demo_dataset_converted.xlsx
2026-09-23 10:27:17,210 [INFO] Loaded and validated: Enrollment=590 rows, AttendanceSessions=320 rows, AttendanceEvents=11800 rows
2026-09-23 10:27:17,610 [INFO] Baseline (rule-based) sanity check vs. next-week-low label:
2026-09-23 10:27:17,610 [INFO]   rows evaluated: 4720
2026-09-23 10:27:17,610 [INFO]   TP=268  FP=1058  FN=160  TN=3234
2026-09-23 10:27:17,610 [INFO]   precision=0.202  recall=0.626
2026-09-23 10:27:17,610 [INFO]   flagged rate overall: 0.292
2026-09-23 10:27:18,250 [INFO] Saved: outputs\weekly_features_and_flags.xlsx (5310 rows, student_id pseudonymized)
2026-09-23 10:27:18,250 [INFO] Run by: zyad | finished at: 2026-09-23T10:27:18
2026-09-23 10:31:12,969 [INFO] Run started by user: zyad
2026-09-23 10:31:12,970 [INFO] Run started. Input file: C:\Users\zyad\Desktop\Data analysis\data\processed\ATT_demo_dataset_converted.xlsx
2026-09-23 10:31:13,568 [INFO] Loaded and validated: Enrollment=590 rows, AttendanceSessions=320 rows, AttendanceEvents=11800 rows
2026-09-23 10:31:13,991 [INFO] Baseline (rule-based) sanity check vs. next-week-low label:
2026-09-23 10:31:13,991 [INFO]   rows evaluated: 4720
2026-09-23 10:31:13,991 [INFO]   TP=268  FP=1058  FN=160  TN=3234
2026-09-23 10:31:13,991 [INFO]   precision=0.202  recall=0.626
2026-09-23 10:31:13,992 [INFO]   flagged rate overall: 0.292
2026-09-23 10:31:14,712 [INFO] Saved: outputs\weekly_features_and_flags.xlsx (5310 rows, student_id pseudonymized)
2026-09-23 10:31:14,712 [INFO] Run by: zyad | finished at: 2026-09-23T10:31:14
